// Vitest Snapshot v1, https://vitest.dev/guide/snapshot.html

exports[`import-comments-babel-pulling-single-line-bug.ts - typescript-verify > import-comments-babel-pulling-single-line-bug.ts 1`] = `

import B from "b";
// Trailing comment (not supposed to be on same line)
// Bottom of imports single-line comment

~~~~~~~~~~~~~~~~~~~~~~~~~~~~~~~~~~~~~~~~~~~~~~~~~~~~~~~~~~~~~~~~~~~~~~~~~~~~~~~~
import B from "b";

// Trailing comment (not supposed to be on same line)
// Bottom of imports single-line comment

`;

exports[`import-comments-directives.ts - typescript-verify > import-comments-directives.ts 1`] = `
/** @jsxImportSource @emotion/react */
"use client";

import * as React from "react";
~~~~~~~~~~~~~~~~~~~~~~~~~~~~~~~~~~~~~~~~~~~~~~~~~~~~~~~~~~~~~~~~~~~~~~~~~~~~~~~~
/** @jsxImportSource @emotion/react */
"use client";

import * as React from "react";

`;

exports[`import-comments-document-top-test1.ts - typescript-verify > import-comments-document-top-test1.ts 1`] = `
// This is part of multiple-lines at document-top
// Second line followed by a gap

import b from "b";
import a from "a";
~~~~~~~~~~~~~~~~~~~~~~~~~~~~~~~~~~~~~~~~~~~~~~~~~~~~~~~~~~~~~~~~~~~~~~~~~~~~~~~~
// This is part of multiple-lines at document-top
// Second line followed by a gap

import a from "a";
import b from "b";

`;

exports[`import-comments-document-top-test2.ts - typescript-verify > import-comments-document-top-test2.ts 1`] = `
/**
 * This is part of multiple-lines at document-top
 * Second line of text, comment is followed by a gap
 */

import b from "b";
import a from "a";
~~~~~~~~~~~~~~~~~~~~~~~~~~~~~~~~~~~~~~~~~~~~~~~~~~~~~~~~~~~~~~~~~~~~~~~~~~~~~~~~
/**
 * This is part of multiple-lines at document-top
 * Second line of text, comment is followed by a gap
 */

import a from "a";
import b from "b";

`;

exports[`import-comments-document-top-test3.ts - typescript-verify > import-comments-document-top-test3.ts 1`] = `
/* eslint-disable jsx-a11y/anchor-is-valid */
/* eslint-disable react/jsx-key */
/* eslint-disable jsx-a11y/alt-text */

import { useState } from "react";
import { Button, Menu, MenuButton, MenuItem, MenuList } from "@chakra-ui/react";
~~~~~~~~~~~~~~~~~~~~~~~~~~~~~~~~~~~~~~~~~~~~~~~~~~~~~~~~~~~~~~~~~~~~~~~~~~~~~~~~
/* eslint-disable jsx-a11y/anchor-is-valid */
/* eslint-disable react/jsx-key */
/* eslint-disable jsx-a11y/alt-text */

import { Button, Menu, MenuButton, MenuItem, MenuList } from "@chakra-ui/react";
import { useState } from "react";

`;

exports[`import-comments-outer-comments-block-comments.ts - typescript-verify > import-comments-outer-comments-block-comments.ts 1`] = `
// Loose leading comment before imports (should not be dragged down with B)

import C from "c" /* trailing comment that spans
                     onto the following line */

/* Leading comment before B */
import B from "b"; /* Trailing comment on same-line as B */
/* Trailing comment on first line after B (this is treated as a leading comment for next import A!) */


/* Leading comment before A */
import A from "a"; /* Trailing comment on same-line as A */
/* Trailing comment on first line after A (this is treated as a "bottom-of-imports comment) */

// Loose trailing comment after imports (should not be dragged up with A)
~~~~~~~~~~~~~~~~~~~~~~~~~~~~~~~~~~~~~~~~~~~~~~~~~~~~~~~~~~~~~~~~~~~~~~~~~~~~~~~~
// Loose leading comment before imports (should not be dragged down with B)

/* Trailing comment on first line after B (this is treated as a leading comment for next import A!) */

/* Leading comment before A */
import A from "a"; /* Trailing comment on same-line as A */
/* Leading comment before B */
import B from "b"; /* Trailing comment on same-line as B */
import C from "c"; /* trailing comment that spans
                      onto the following line */

/* Trailing comment on first line after A (this is treated as a "bottom-of-imports comment) */

// Loose trailing comment after imports (should not be dragged up with A)

`;

exports[`import-comments-outer-comments-single-line.ts - typescript-verify > import-comments-outer-comments-single-line.ts 1`] = `
// Loose leading comment before imports (should not be dragged down with B)

// Leading comment before B
import B from "b"; // Trailing comment on same-line as B
// Trailing comment on first line after B (this is treated as a leading comment for next import A!)

// Leading comment before A
import A from "a"; // Trailing comment on same-line as A
// Trailing comment on first line after A (this is treated as a "bottom-of-imports comment)

// Loose trailing comment after imports (should not be dragged up with A)
~~~~~~~~~~~~~~~~~~~~~~~~~~~~~~~~~~~~~~~~~~~~~~~~~~~~~~~~~~~~~~~~~~~~~~~~~~~~~~~~
// Loose leading comment before imports (should not be dragged down with B)

// Trailing comment on first line after B (this is treated as a leading comment for next import A!)

// Leading comment before A
import A from "a"; // Trailing comment on same-line as A
// Leading comment before B
import B from "b"; // Trailing comment on same-line as B

// Trailing comment on first line after A (this is treated as a "bottom-of-imports comment)

// Loose trailing comment after imports (should not be dragged up with A)

`;

exports[`import-comments-specifier-leading-and-trailing.ts - typescript-verify > import-comments-specifier-leading-and-trailing.ts 1`] = `
// Top-of-file

import {
    // j3 leading single-line-comment 1
    // j3 leading single-line-comment 2
    j3, // j3 same-line single-line-comment
    j2, // j2 same-line single-line-comment
} from "j";

import {
    /** i3 leading comment
      */ i3,
    i2, /* i2 same-line block */
    i4, /* i4 multi-line
        block */
    i1, /* i1 same-line block */
} from "i";

import {
    h4, // h4 same-line single-line-comment
    // h3 leading single-line-comment
    h3, // h3 same-line single-line-comment
    h2, // h2 same-line single-line-comment
    h1, // h1 same-line single-line-comment
} from "h";

// Rest of file below here
~~~~~~~~~~~~~~~~~~~~~~~~~~~~~~~~~~~~~~~~~~~~~~~~~~~~~~~~~~~~~~~~~~~~~~~~~~~~~~~~
// Top-of-file

import {
    h1, // h1 same-line single-line-comment
    h2, // h2 same-line single-line-comment
    // h3 leading single-line-comment
    h3, // h3 same-line single-line-comment
    h4, // h4 same-line single-line-comment
} from "h";
import {
    i1 /* i1 same-line block */,
    i2 /* i2 same-line block */,
    /** i3 leading comment
     */
    i3,
    i4 /* i4 multi-line
       block */,
} from "i";
import {
    j2, // j2 same-line single-line-comment
    // j3 leading single-line-comment 1
    // j3 leading single-line-comment 2
    j3, // j3 same-line single-line-comment
} from "j";

// Rest of file below here

`;

exports[`import-comments-trailing-specifier-comment-lost.ts - typescript-verify > import-comments-trailing-specifier-comment-lost.ts 1`] = `
import {
    b3,
    a3,
    /* @ts-expect-error*/
} from "c";

import {
    b4,
    a4,
    // @ts-expect-error
} from "c2";

import {
    b2,a2,
    // @ts-expect-error
} from "b";

import {
    b1,
    a1,

    // @ts-expect-error
} from "a";
~~~~~~~~~~~~~~~~~~~~~~~~~~~~~~~~~~~~~~~~~~~~~~~~~~~~~~~~~~~~~~~~~~~~~~~~~~~~~~~~
import {
    a1,
    b1,
    // @ts-expect-error
} from "a";
import {
    a2,
    b2,
    // @ts-expect-error
} from "b";
import { a3, b3 } from /* @ts-expect-error*/ "c";
import {
    a4,
    b4,
    // @ts-expect-error
} from "c2";

`;
