// Vitest Snapshot v1, https://vitest.dev/guide/snapshot.html

exports[`relative-import-with-builtin-substring.ts - typescript-verify > relative-import-with-builtin-substring.ts 1`] = `
import foo from './constants/foo';
import thirdParty from 'third-party';
import fs from "fs"
~~~~~~~~~~~~~~~~~~~~~~~~~~~~~~~~~~~~~~~~~~~~~~~~~~~~~~~~~~~~~~~~~~~~~~~~~~~~~~~~
import fs from "fs";

import thirdParty from "third-party";
import foo from "./constants/foo";

`;
